// Jest Snapshot v1, https://goo.gl/fbAQLP

exports[`MoButton Component should match the snapshot 1`] = `
<MoButton
  classes={
    Object {
      "link": "MoButton-link-1",
    }
  }
/>
`;
