// Jest Snapshot v1, https://goo.gl/fbAQLP

exports[`Project Component Matches the snapshot 1`] = `
<div>
   Component 
</div>
`;
