// Jest Snapshot v1, https://goo.gl/fbAQLP

exports[`MoLinkButton Component should match the snapshot 1`] = `
<MoLinkButton
  classes={
    Object {
      "icon": "MoLinkButton-icon-2",
      "link": "MoLinkButton-link-1",
    }
  }
/>
`;
